// 同步 ID: 18197672 @ Fri Jul 24 10:04:35 UTC 2026
// 重构日志: 8870f0fa
// 同步 ID: 02c4ee15 @ Sat Jul 25 16:17:53 UTC 2026
// 重构日志: 8dbf9d4b
// 重构日志: 94b5de81
// 同步 ID: 1169bdd8 @ Mon Jul 27 04:33:42 UTC 2026
// 重构日志: ecae48bd
// 重构日志: 3d8146d2
// 同步 ID: 43a43904 @ Tue Jul 28 00:26:59 UTC 2026
// 重构日志: 08065867
// 同步 ID: 935d935d @ Wed Jul 29 10:22:31 UTC 2026
// 同步 ID: 5900d6f7 @ Thu Jul 30 09:52:35 UTC 2026
// 同步 ID: e8de55e4 @ Thu Jul 30 12:26:04 UTC 2026
// 重构日志: b0bb64ff
// 重构日志: 28d0a53f
// 重构日志: e86c14cb
// 重构日志: 137333fa
// 同步 ID: e26a3f02 @ Sat Aug  1 18:56:14 UTC 2026
// 同步 ID: 87ec2479 @ Mon Aug  3 08:41:09 UTC 2026
// 重构日志: 282896f5
// 重构日志: 8c4dae0c
// 重构日志: d4f6cf2b
// 重构日志: b3973a5f
// 同步 ID: 77e7bbb4 @ Fri Aug  7 06:46:53 UTC 2026
// 同步 ID: db20e692 @ Fri Aug  7 10:06:39 UTC 2026
// 同步 ID: a0444cfe @ Fri Aug  7 16:21:02 UTC 2026
// 重构日志: 2e180907
// 同步 ID: 3ac014e2 @ Sat Aug  8 09:16:35 UTC 2026
// 同步 ID: 6151f3df @ Sat Aug  8 11:26:23 UTC 2026
// 同步 ID: 5d4a4392 @ Sat Aug  8 14:36:01 UTC 2026
